// Jest Snapshot v1, https://goo.gl/fbAQLP

exports[`Transaction Fee Slider Selector should show Transaction Fee Slider Selector screen 1`] = `
<div
  className="TransactionFeeSelectorComponent-root-0-2-1"
>
  <div>
    <span>
      Network Transaction Fee:
    </span>
     
    <span
      className="TransactionFeeSelectorComponent-networkFeeValue-0-2-8"
    >
      5.05e-8
       ETH / 
      0.00
       
      USD
    </span>
  </div>
  <span
    className="MuiSlider-root TransactionFeeSelectorComponent-sliderRoot-0-2-2 MuiSlider-colorPrimary"
    onMouseDown={[Function]}
  >
    <span
      className="MuiSlider-rail"
    />
    <span
      className="MuiSlider-track"
      style={
        Object {
          "left": "0%",
          "width": "50%",
        }
      }
    />
    <input
      type="hidden"
      value="50500000000"
    />
    <span
      aria-orientation="horizontal"
      aria-valuemax={100000000000}
      aria-valuemin={1000000000}
      aria-valuenow={50500000000}
      className="MuiSlider-thumb TransactionFeeSelectorComponent-thumb-0-2-5 MuiSlider-thumbColorPrimary"
      data-index={0}
      onBlur={[Function]}
      onFocus={[Function]}
      onKeyDown={[Function]}
      onMouseLeave={[Function]}
      onMouseOver={[Function]}
      role="slider"
      style={
        Object {
          "left": "50%",
        }
      }
      tabIndex={0}
    />
  </span>
  <div
    className="TransactionFeeSelectorComponent-sliderLabels-0-2-7"
  >
    <div>
      <p
        className="MuiTypography-root MuiTypography-body1"
      >
        Slow
      </p>
      <h6
        className="MuiTypography-root MuiTypography-subtitle2 MuiTypography-colorSecondary"
      >
        1e-8
         ETH/
      </h6>
      <h6
        className="MuiTypography-root MuiTypography-subtitle2 MuiTypography-colorSecondary"
      >
        $ 
        0.00
         
        USD
      </h6>
      <h6
        className="MuiTypography-root MuiTypography-subtitle2 MuiTypography-colorSecondary"
      >
        5 - 30 min
      </h6>
    </div>
    <div>
      <p
        className="MuiTypography-root MuiTypography-body1"
      >
        Medium
      </p>
      <h6
        className="MuiTypography-root MuiTypography-subtitle2 MuiTypography-colorSecondary"
      >
        2.3e-8
         ETH/
      </h6>
      <h6
        className="MuiTypography-root MuiTypography-subtitle2 MuiTypography-colorSecondary"
      >
        $ 
        0.00
         
        USD
      </h6>
      <h6
        className="MuiTypography-root MuiTypography-subtitle2 MuiTypography-colorSecondary"
      >
        2 - 5 min
      </h6>
    </div>
    <div
      className="TransactionFeeSelectorComponent-rightAligned-0-2-9"
    >
      <p
        className="MuiTypography-root MuiTypography-body1"
      >
        Fast
      </p>
      <h6
        className="MuiTypography-root MuiTypography-subtitle2 MuiTypography-colorSecondary"
      >
        1e-7
         ETH/
      </h6>
      <h6
        className="MuiTypography-root MuiTypography-subtitle2 MuiTypography-colorSecondary"
      >
        $ 
        0.00
         
        USD
      </h6>
      <h6
        className="MuiTypography-root MuiTypography-subtitle2 MuiTypography-colorSecondary"
      >
        &lt; 2 min
      </h6>
    </div>
  </div>
</div>
`;
