// Jest Snapshot v1, https://goo.gl/fbAQLP

exports[`Transaction Fee Selector should show Transaction Fee Selector screen 1`] = `
<div
  className="TransactionFeeSelectorComponent-root-1"
>
  <div>
    <span>
      Network Transaction Fee:
    </span>
     
    <span
      className="TransactionFeeSelectorComponent-networkFeeValue-8"
    >
      3e-18
       ETH / 
      0.00
       
      USD
    </span>
  </div>
  <span
    className="MuiSlider-root TransactionFeeSelectorComponent-sliderRoot-2 MuiSlider-colorPrimary"
    onMouseDown={[Function]}
  >
    <span
      className="MuiSlider-rail"
    />
    <span
      className="MuiSlider-track"
      style={
        Object {
          "left": "0%",
          "width": "50%",
        }
      }
    />
    <input
      type="hidden"
      value="1.5"
    />
    <span
      aria-orientation="horizontal"
      aria-valuemax={2}
      aria-valuemin={1}
      aria-valuenow={1.5}
      className="MuiSlider-thumb TransactionFeeSelectorComponent-thumb-5 MuiSlider-thumbColorPrimary"
      data-index={0}
      onBlur={[Function]}
      onFocus={[Function]}
      onKeyDown={[Function]}
      onMouseLeave={[Function]}
      onMouseOver={[Function]}
      role="slider"
      style={
        Object {
          "left": "50%",
        }
      }
      tabIndex={0}
    />
  </span>
  <div
    className="TransactionFeeSelectorComponent-sliderLabels-7"
  >
    <span>
      Slow
    </span>
    <span>
      Medium
    </span>
    <span>
      Fast
    </span>
  </div>
</div>
`;
