// Jest Snapshot v1, https://goo.gl/fbAQLP

exports[`Animated Loading Icon should show Animated Loading Icon 1`] = `
<svg
  aria-hidden="true"
  className="MuiSvgIcon-root Component-root-0-2-1"
  focusable="false"
  viewBox="0 0 120 30"
>
  <circle
    cx="15"
    cy="15"
    r="15"
  >
    <animate
      attributeName="r"
      begin="0s"
      calcMode="linear"
      dur="0.8s"
      from="15"
      repeatCount="indefinite"
      to="15"
      values="15;9;15"
    />
    <animate
      attributeName="fillOpacity"
      begin="0s"
      calcMode="linear"
      dur="0.8s"
      from="1"
      repeatCount="indefinite"
      to="1"
      values="1;.5;1"
    />
  </circle>
  <circle
    cx="60"
    cy="15"
    fillOpacity="0.3"
    r="9"
  >
    <animate
      attributeName="r"
      begin="0s"
      calcMode="linear"
      dur="0.8s"
      from="9"
      repeatCount="indefinite"
      to="9"
      values="9;15;9"
    />
    <animate
      attributeName="fillOpacity"
      begin="0s"
      calcMode="linear"
      dur="0.8s"
      from="0.5"
      repeatCount="indefinite"
      to="0.5"
      values=".5;1;.5"
    />
  </circle>
  <circle
    cx="105"
    cy="15"
    r="15"
  >
    <animate
      attributeName="r"
      begin="0s"
      calcMode="linear"
      dur="0.8s"
      from="15"
      repeatCount="indefinite"
      to="15"
      values="15;9;15"
    />
    <animate
      attributeName="fillOpacity"
      begin="0s"
      calcMode="linear"
      dur="0.8s"
      from="1"
      repeatCount="indefinite"
      to="1"
      values="1;.5;1"
    />
  </circle>
</svg>
`;
