// Jest Snapshot v1, https://goo.gl/fbAQLP

exports[`Close Dialog Icon should show Close Dialog Icon 1`] = `
<svg
  aria-hidden="true"
  className="MuiSvgIcon-root-1 Component-root-0-1-1"
  color={undefined}
  focusable="false"
  viewBox="\\"0 0 38 38"
>
  <g
    fill="none"
    fillRule="evenodd"
  >
    <circle
      cx="18"
      cy="18"
      fill="#262F39"
      r="18"
      stroke="#303C49"
    />
    <path
      d="M10.815 9.64L9.64 10.814 16.824 18l-7.185 7.185 1.176 1.176L18 19.176l7.185 7.185 1.176-1.176L19.176 18l7.185-7.185-1.176-1.176L18 16.824z"
      fill="#3B4A5A"
      fillRule="nonzero"
    />
  </g>
</svg>
`;
