// Jest Snapshot v1, https://goo.gl/fbAQLP

exports[`Green Tick Icon should show Green Tick Icon 1`] = `
<svg
  aria-hidden="true"
  className="MuiSvgIcon-root"
  focusable="false"
  style={
    Object {
      "height": "16px",
      "width": "16px",
    }
  }
  viewBox="0 0 16 16"
>
  <defs />
  <g
    fill="none"
    fillRule="evenodd"
    id="-ID-Dashboard"
    stroke="none"
    strokeWidth="1"
  >
    <g
      id="403---Identity-Summary"
      transform="translate(-321.000000, -347.000000)"
    >
      <g
        id="Area-box-1"
        transform="translate(150.000000, 264.000000)"
      >
        <g
          id="Content"
          transform="translate(15.000000, 81.000000)"
        >
          <g
            id="DL1"
          >
            <g
              id="DD"
              transform="translate(156.000000, 0.000000)"
            >
              <g
                id="icon-attr-check"
                transform="translate(0.000000, 2.000000)"
              >
                <rect
                  fill="#1BB934"
                  height="15"
                  id="Base"
                  rx="4"
                  stroke="#22C73C"
                  width="15"
                  x="0.5"
                  y="0.5"
                />
                <path
                  d="M12.7232,4.70478222 C12.3756444,4.35722667 11.8129778,4.35722667 11.4663111,4.70478222 L6.69831111,9.47278222 L5.07253333,7.84789333 C4.72586667,7.50033778 4.1632,7.50033778 3.81564444,7.84789333 C3.46897778,8.19456 3.46897778,8.75722667 3.81564444,9.10478222 L6.06986667,11.3581156 C6.41653333,11.7056711 6.9792,11.7056711 7.32675556,11.3581156 L12.7232,5.96167111 C13.0707556,5.61500444 13.0707556,5.05233778 12.7232,4.70478222"
                  fill="#FFFFFF"
                  id="Tick"
                />
              </g>
            </g>
          </g>
        </g>
      </g>
    </g>
  </g>
</svg>
`;
