// Jest Snapshot v1, https://goo.gl/fbAQLP

exports[`Crypto Price Box should show Crypto Price Box for Key 1`] = `
<div
  className="Component-cryptoPriceBox-0-2-1"
>
  <div
    className="MuiGrid-root Component-test-0-2-2 MuiGrid-container MuiGrid-spacing-xs-8 MuiGrid-align-items-xs-center"
  >
    <div
      className="MuiGrid-root Component-currency-0-2-4 MuiGrid-item"
    >
      KEY
    </div>
    <div
      className="MuiGrid-root Component-value-0-2-5 MuiGrid-item"
    >
      <div>
        4
         
      </div>
    </div>
  </div>
  <div
    className="MuiGrid-root Component-row-0-2-3 MuiGrid-container MuiGrid-spacing-xs-8 MuiGrid-align-items-xs-center"
  >
    <div
      className="MuiGrid-root Component-currency-0-2-4 MuiGrid-item"
    >
      USD
    </div>
    <div
      className="MuiGrid-root Component-value-0-2-5 MuiGrid-item"
    >
      <div>
        $0.0174857
         
      </div>
    </div>
  </div>
</div>
`;
