// Jest Snapshot v1, https://goo.gl/fbAQLP

exports[`Transaction Fee should show Transaction Fee screen 1`] = `
<div
  className="MuiGrid-root Component-root-0-2-1 MuiGrid-container MuiGrid-spacing-xs-1"
>
  <div
    className="MuiGrid-root MuiGrid-item"
  >
    <div
      className="MuiGrid-root MuiGrid-container MuiGrid-spacing-xs-1"
    >
      <div
        className="MuiGrid-root MuiGrid-item"
      >
        <div>
          0.0001
           
        </div>
      </div>
      <div
        className="MuiGrid-root MuiGrid-item"
      >
        ETH
      </div>
      <div
        className="MuiGrid-root MuiGrid-item"
      >
        /
      </div>
    </div>
  </div>
  <div
    className="MuiGrid-root MuiGrid-item"
  >
    <div
      className="MuiGrid-root MuiGrid-container MuiGrid-spacing-xs-1"
    >
      <div
        className="MuiGrid-root MuiGrid-item"
      >
        <div>
          $0.02
           
        </div>
      </div>
      <div
        className="MuiGrid-root MuiGrid-item"
      >
        USD
      </div>
    </div>
  </div>
</div>
`;
