// Jest Snapshot v1, https://goo.gl/fbAQLP

exports[`Transaction Fee should show Transaction Fee screen 1`] = `
<div
  className="MuiGrid-container-1 MuiGrid-spacing-xs-8-23 Component-root-0-1-1"
>
  <div
    className="MuiGrid-item-2"
  >
    <div
      className="MuiGrid-container-1 MuiGrid-spacing-xs-8-23"
    >
      <div
        className="MuiGrid-item-2"
      >
        <div>
          0.0001
        </div>
      </div>
      <div
        className="MuiGrid-item-2"
      >
        ETH
      </div>
      <div
        className="MuiGrid-item-2"
      >
        /
      </div>
    </div>
  </div>
  <div
    className="MuiGrid-item-2"
  >
    <div
      className="MuiGrid-container-1 MuiGrid-spacing-xs-8-23"
    >
      <div
        className="MuiGrid-item-2"
      >
        <div>
          $0.02
        </div>
      </div>
      <div
        className="MuiGrid-item-2"
      >
        USD
      </div>
    </div>
  </div>
</div>
`;
