// Jest Snapshot v1, https://goo.gl/fbAQLP

exports[`Transaction Fee Box should show Transaction Fee Box screen 1`] = `
<div
  className="MuiGrid-container-1 MuiGrid-align-items-xs-center-9 MuiGrid-justify-xs-space-between-20 TransactionFeeBoxComponent-container-0-1-1"
>
  <div
    className="MuiGrid-item-2"
  >
    <div
      className="MuiGrid-container-1"
    >
      <div
        className="MuiGrid-item-2"
      >
        <span
          className="TransactionFeeBoxComponent-networkTransactionFeeTitle-0-1-2"
        >
           Network Transaction Fee: 
        </span>
      </div>
      <div
        className="MuiGrid-item-2"
      >
        <div
          className="MuiGrid-container-1 MuiGrid-spacing-xs-8-23 Component-root-0-1-19"
        >
          <div
            className="MuiGrid-item-2"
          >
            <div
              className="MuiGrid-container-1 MuiGrid-spacing-xs-8-23"
            >
              <div
                className="MuiGrid-item-2"
              >
                <div>
                  0.000000000000151
                </div>
              </div>
              <div
                className="MuiGrid-item-2"
              >
                ETH
              </div>
              <div
                className="MuiGrid-item-2"
              >
                /
              </div>
            </div>
          </div>
          <div
            className="MuiGrid-item-2"
          >
            <div
              className="MuiGrid-container-1 MuiGrid-spacing-xs-8-23"
            >
              <div
                className="MuiGrid-item-2"
              >
                <div>
                  $0.000000000037191
                </div>
              </div>
              <div
                className="MuiGrid-item-2"
              >
                USD
              </div>
            </div>
          </div>
        </div>
      </div>
    </div>
  </div>
  <div
    className="MuiGrid-item-2 TransactionFeeBoxComponent-showAdvancedContainer-0-1-3"
    onClick={[Function]}
  >
    <span>
       Advanced 
    </span>
    <i
      className="TransactionFeeBoxComponent-icon-0-1-4  TransactionFeeBoxComponent-rightIcon-0-1-5"
    >
       
    </i>
  </div>
</div>
`;
