// Jest Snapshot v1, https://goo.gl/fbAQLP

exports[`Address Book Add should show Address Book Add 1`] = `
<form
  autoComplete="off"
  className={undefined}
  noValidate={true}
  onSubmit={[Function]}
>
  <div
    className="MuiGrid-container-1 MuiGrid-spacing-xs-32-26 MuiGrid-direction-xs-column-4"
  >
    <div
      className="MuiGrid-item-2"
    >
      <div
        className="MuiGrid-container-1 MuiGrid-spacing-xs-8-23 MuiGrid-direction-xs-column-4"
      >
        <div
          className="MuiGrid-item-2"
        >
          <label
            className="AddressBookEditComponent-label-0-1-5"
          >
            LABEL
          </label>
        </div>
        <div
          className="MuiGrid-item-2"
        >
          <input
            className="AddressBookEditComponent-input-0-1-3 AddressBookEditComponent-errorColor-0-1-2"
            id="labelInput"
            onChange={[Function]}
            placeholder="Address label"
            type="text"
            value="Test"
          />
          <span
            className="AddressBookEditComponent-errorText-0-1-1"
            id="labelError"
          >
            hey
          </span>
        </div>
      </div>
    </div>
    <div
      className="MuiGrid-item-2"
    >
      <div
        className="MuiGrid-container-1 MuiGrid-spacing-xs-24-25"
      >
        <div
          className="MuiGrid-item-2"
        >
          <button
            className="MuiButtonBase-root-124 MuiButtonBase-disabled-125 MuiButton-root-98 Component-root-0-1-6 MuiButton-contained-109 MuiButton-containedPrimary-110 Component-containedPrimary-0-1-7 MuiButton-raised-112 MuiButton-raisedPrimary-113 MuiButton-disabled-118 Component-disabled-0-1-9"
            disabled={true}
            id="saveButton"
            onBlur={[Function]}
            onClick={undefined}
            onFocus={[Function]}
            onKeyDown={[Function]}
            onKeyUp={[Function]}
            onMouseDown={[Function]}
            onMouseLeave={[Function]}
            onMouseUp={[Function]}
            onTouchEnd={[Function]}
            onTouchMove={[Function]}
            onTouchStart={[Function]}
            tabIndex="-1"
            type="submit"
          >
            <span
              className="MuiButton-label-99"
            >
              Save
            </span>
          </button>
        </div>
        <div
          className="MuiGrid-item-2"
        >
          <button
            className="MuiButtonBase-root-124 MuiButton-root-98 Component-root-0-1-6 MuiButton-text-100 MuiButton-textPrimary-101 MuiButton-outlined-106 Component-outlined-0-1-8 MuiButton-outlinedPrimary-107"
            disabled={false}
            id="cancelButton"
            onBlur={[Function]}
            onClick={[Function]}
            onFocus={[Function]}
            onKeyDown={[Function]}
            onKeyUp={[Function]}
            onMouseDown={[Function]}
            onMouseLeave={[Function]}
            onMouseUp={[Function]}
            onTouchEnd={[Function]}
            onTouchMove={[Function]}
            onTouchStart={[Function]}
            tabIndex="0"
            type="button"
          >
            <span
              className="MuiButton-label-99"
            >
              Cancel
            </span>
            <span
              className="MuiTouchRipple-root-127"
            />
          </button>
        </div>
      </div>
    </div>
  </div>
</form>
`;
