// Jest Snapshot v1, https://goo.gl/fbAQLP

exports[`Address Book Add should show Address Book Add 1`] = `
<form
  autoComplete="off"
  id="formwrap"
  noValidate={true}
  onSubmit={[Function]}
>
  <div
    className="MuiGrid-root MuiGrid-container MuiGrid-spacing-xs-2 MuiGrid-direction-xs-column"
  >
    <div
      className="MuiGrid-root MuiGrid-item"
    >
      <div
        className="MuiGrid-root MuiGrid-container MuiGrid-spacing-xs-1 MuiGrid-direction-xs-column"
      >
        <div
          className="MuiGrid-root MuiGrid-item"
        >
          <label
            className="AddressBookAddComponent-label-0-2-5"
          >
            LABEL
          </label>
        </div>
        <div
          className="MuiGrid-root MuiGrid-item"
        >
          <input
            className="AddressBookAddComponent-input-0-2-3 AddressBookAddComponent-errorColor-0-2-2"
            id="labelInput"
            onChange={[Function]}
            placeholder="Address label"
            type="text"
            value=""
          />
          <span
            className="AddressBookAddComponent-errorText-0-2-1"
            id="labelError"
          >
            hey
          </span>
        </div>
      </div>
    </div>
    <div
      className="MuiGrid-root MuiGrid-item"
    >
      <div
        className="MuiGrid-root MuiGrid-container MuiGrid-spacing-xs-1 MuiGrid-direction-xs-column"
      >
        <div
          className="MuiGrid-root MuiGrid-item"
        >
          <label
            className="AddressBookAddComponent-label-0-2-5"
          >
            ETH ADDRESS
          </label>
        </div>
        <div
          className="MuiGrid-root MuiGrid-item"
        >
          <input
            className="AddressBookAddComponent-input-0-2-3 "
            id="addressInput"
            onChange={[Function]}
            placeholder="0x"
            type="text"
            value=""
          />
        </div>
      </div>
    </div>
    <div
      className="MuiGrid-root MuiGrid-item"
    >
      <div
        className="MuiGrid-root MuiGrid-container MuiGrid-spacing-xs-1"
      >
        <div
          className="MuiGrid-root MuiGrid-item"
        >
          <button
            className="MuiButtonBase-root MuiButton-root Component-root-0-2-6 MuiButton-contained MuiButton-containedPrimary Component-containedPrimary-0-2-7 Mui-disabled Component-disabled-0-2-9 Mui-disabled"
            disabled={true}
            id="saveButton"
            onBlur={[Function]}
            onDragLeave={[Function]}
            onFocus={[Function]}
            onKeyDown={[Function]}
            onKeyUp={[Function]}
            onMouseDown={[Function]}
            onMouseLeave={[Function]}
            onMouseUp={[Function]}
            onTouchEnd={[Function]}
            onTouchMove={[Function]}
            onTouchStart={[Function]}
            tabIndex={-1}
            type="submit"
          >
            <span
              className="MuiButton-label"
            >
              Save
            </span>
          </button>
        </div>
        <div
          className="MuiGrid-root MuiGrid-item"
        >
          <button
            className="MuiButtonBase-root MuiButton-root Component-root-0-2-6 MuiButton-outlined Component-outlined-0-2-8 MuiButton-outlinedPrimary"
            disabled={false}
            id="cancelButton"
            onBlur={[Function]}
            onClick={[Function]}
            onDragLeave={[Function]}
            onFocus={[Function]}
            onKeyDown={[Function]}
            onKeyUp={[Function]}
            onMouseDown={[Function]}
            onMouseLeave={[Function]}
            onMouseUp={[Function]}
            onTouchEnd={[Function]}
            onTouchMove={[Function]}
            onTouchStart={[Function]}
            tabIndex={0}
            type="button"
          >
            <span
              className="MuiButton-label"
            >
              Cancel
            </span>
          </button>
        </div>
      </div>
    </div>
  </div>
</form>
`;
