// Jest Snapshot v1, https://goo.gl/fbAQLP

exports[`Modal Box should show Modal Box 1`] = `
<div
  className="MuiGrid-root Component-root-1 MuiGrid-container MuiGrid-direction-xs-column MuiGrid-align-items-xs-flex-start"
>
  <div
    className="MuiGrid-root Component-header-2 MuiGrid-item"
    id="header"
  >
    <h2
      className="MuiTypography-root MuiTypography-h2"
    >
      Modal boc
    </h2>
    <button
      className="Component-closeButton-4"
    >
      <svg
        aria-hidden="true"
        className="MuiSvgIcon-root Component-root-5"
        focusable="false"
        style={
          Object {
            "height": "38px",
            "width": "38px",
          }
        }
        viewBox="0 0 38 38"
      >
        <defs />
        <g
          fill="none"
          fillRule="evenodd"
          id="Symbols"
          stroke="none"
          strokeWidth="1"
        >
          <g
            id="Close-button"
            transform="translate(1.000000, 1.000000)"
          >
            <g
              id="Close"
            >
              <circle
                cx="18"
                cy="18"
                fill="#262F39"
                id="Oval-2"
                r="18"
              />
              <g
                fill="#23E6FE"
                fillRule="nonzero"
                id="icons8-delete_sign"
                transform="translate(9.000000, 9.000000)"
              >
                <polygon
                  id="Shape"
                  points="1.81534091 0.639204545 0.639204545 1.81534091 7.82386364 9 0.639204545 16.1846591 1.81534091 17.3607955 9 10.1761364 16.1846591 17.3607955 17.3607955 16.1846591 10.1761364 9 17.3607955 1.81534091 16.1846591 0.639204545 9 7.82386364"
                />
              </g>
            </g>
          </g>
        </g>
      </svg>
    </button>
  </div>
  <div
    className="MuiGrid-root Component-body-3 MuiGrid-item"
    id="body"
  />
</div>
`;
