// Jest Snapshot v1, https://goo.gl/fbAQLP

exports[`Styled Button should show Styled Button 1`] = `
<button
  className="MuiButtonBase-root MuiButton-root Component-root-0-2-1 MuiButton-contained MuiButton-containedPrimary Component-containedPrimary-0-2-2"
  disabled={false}
  onBlur={[Function]}
  onDragLeave={[Function]}
  onFocus={[Function]}
  onKeyDown={[Function]}
  onKeyUp={[Function]}
  onMouseDown={[Function]}
  onMouseLeave={[Function]}
  onMouseUp={[Function]}
  onTouchEnd={[Function]}
  onTouchMove={[Function]}
  onTouchStart={[Function]}
  tabIndex={0}
  type="button"
>
  <span
    className="MuiButton-label"
  >
    Content
  </span>
</button>
`;
