// Jest Snapshot v1, https://goo.gl/fbAQLP

exports[`LWS Error Screen should show LWS Error Screen 1`] = `
<div
  className="Component-lwsError-0-2-2"
>
  <div
    className="Component-areaTitle-0-2-5"
  >
    <span>
      icon
    </span>
    <h2>
      test
    </h2>
    <h3>
      test
    </h3>
  </div>
  <div
    className="Component-form-0-2-1"
  >
    <p
      className="Component-supportText-0-2-4"
    >
      test
    </p>
    <div
      className="Component-formSubmitRow-0-2-3"
    >
      <button>
        retry
      </button>
    </div>
  </div>
</div>
`;
