// Jest Snapshot v1, https://goo.gl/fbAQLP

exports[`Transaction Send should show Transaction send screen 1`] = `
<div
  className="Component-transactionBox-1"
>
  <div
    className="Component-closeDialogIconWrapper-4"
  >
    <svg
      aria-hidden="true"
      className="MuiSvgIcon-root Component-root-6 MuiSvgIcon-fontSizeLarge"
      focusable="false"
      style={
        Object {
          "height": "38px",
          "width": "38px",
        }
      }
      viewBox="0 0 38 38"
    >
      <g
        fillRule="evenodd"
        id="Symbols"
        stroke="none"
        strokeWidth="1"
      >
        <g
          id="Close-button"
          transform="translate(1.000000, 1.000000)"
        >
          <g
            id="icon-close-modal"
          >
            <circle
              cx="18"
              cy="18"
              fill="#161A1F"
              id="Oval-2"
              r="18"
            />
            <g
              fill="#23E6FE"
              fillRule="nonzero"
              id="Shape"
              transform="translate(9.000000, 9.000000)"
            >
              <polygon
                points="1.81534091 0.639204545 0.639204545 1.81534091 7.82386364 9 0.639204545 16.1846591 1.81534091 17.3607955 9 10.1761364 16.1846591 17.3607955 17.3607955 16.1846591 10.1761364 9 17.3607955 1.81534091 16.1846591 0.639204545 9 7.82386364"
              />
            </g>
          </g>
        </g>
      </g>
    </svg>
  </div>
  <div
    className="Component-iconWrapper-2"
  >
    <svg
      aria-hidden="true"
      className="MuiSvgIcon-root Component-icon-3"
      focusable="false"
      style={
        Object {
          "height": "44px",
          "width": "44px",
        }
      }
      viewBox="0 0 44 44"
    >
      <g
        fill="none"
        fillRule="evenodd"
      >
        <rect
          fill="#9418DC"
          height="44"
          rx="9"
          width="44"
        />
        <path
          d="M11.37 20.286l10.027-4.1 9.719 4.205L21.382 5.5 11.37 20.286zm.031 4.55l10.012 5.627 10.212-5.627L21.505 38.5 11.401 24.836zm10.043-6.645l10.15 4.385-10.15 5.508L11 22.456l10.444-4.265z"
          fill="#FFF"
          fillRule="nonzero"
        />
      </g>
    </svg>
  </div>
  <div>
    <input
      className="TransactionSendBoxComponent-input-5 TransactionSendBoxComponent-addressErrorColor-12"
      id="sendToAddress"
      onChange={[Function]}
      placeholder="Send to Address"
      type="text"
      value=""
    />
    <span
      className="TransactionSendBoxComponent-addressErrorText-11"
    >
      Invalid address. Please check and try again.
    </span>
    <div
      className="MuiGrid-root TransactionSendBoxComponent-amountContainer-7 MuiGrid-container MuiGrid-align-items-xs-center MuiGrid-justify-xs-space-between"
    >
      <div
        className="MuiGrid-root MuiGrid-item"
      >
        <div
          className="MuiGrid-root MuiGrid-container MuiGrid-spacing-xs-4 MuiGrid-align-items-xs-center"
        >
          <div
            className="MuiGrid-root MuiGrid-item"
          >
            <button
              className="TransactionSendBoxComponent-selectAllAmountBtn-3"
              id="allAmountButton"
              onClick={[Function]}
            >
               
              ALL
               
            </button>
          </div>
          <div
            className="MuiGrid-root MuiGrid-item"
          >
            <input
              className="TransactionSendBoxComponent-input-5 TransactionSendBoxComponent-amountInput-10"
              id="amountInput"
              onChange={[Function]}
              placeholder="0.00"
              type="text"
              value=""
            />
          </div>
        </div>
      </div>
      <div
        className="MuiGrid-root MuiGrid-item"
      >
        <select
          className="TransactionSendBoxComponent-cryptoSelect-14"
          id="customToken"
          name="cryptoCurrency"
          onChange={[Function]}
          value="ETH"
        >
          <option
            className="TransactionSendBoxComponent-selectItem-15"
            disabled={true}
            value=""
          >
            Custom Token
          </option>
          <option
            className="TransactionSendBoxComponent-selectItem-15"
            value="KEY"
          >
            Selfkey - 30 KEY
          </option>
          <option
            className="TransactionSendBoxComponent-selectItem-15"
            value="ETH"
          >
            Ethereum - 0.00548 ETH
          </option>
          <option
            className="TransactionSendBoxComponent-selectItem-15"
            value="OTHR"
          >
            Other token - 0.00548 OTHR
          </option>
          <option
            className="TransactionSendBoxComponent-selectItem-15"
            value="OTHR"
          >
            Ethereum - 0.00548 OTHR
          </option>
          <option
            className="TransactionSendBoxComponent-selectItem-15"
            value="OTHR"
          >
            Ethereum - 0.00548 OTHR
          </option>
        </select>
      </div>
    </div>
    <hr
      className="MuiDivider-root TransactionSendBoxComponent-divider-13"
    />
    <div
      className="MuiGrid-root TransactionSendBoxComponent-usdAmoutContainer-9 MuiGrid-container MuiGrid-align-items-xs-center MuiGrid-justify-xs-space-between"
    >
      <span>
        <div>
          $0.00
           
        </div>
      </span>
      <span>
         USD 
      </span>
    </div>
    <div
      className="MuiGrid-root TransactionFeeBoxComponent-container-16 TransactionSendBoxComponent-container-1 MuiGrid-container MuiGrid-align-items-xs-center MuiGrid-justify-xs-space-between"
    >
      <div
        className="MuiGrid-root MuiGrid-container MuiGrid-wrap-xs-nowrap"
      >
        <div
          className="MuiGrid-root MuiGrid-container"
        >
          <div
            className="MuiGrid-root MuiGrid-item"
          >
            <span
              className="TransactionFeeBoxComponent-networkTransactionFeeTitle-17 feeTitle"
            >
               
              Network Transaction Fee:
               
            </span>
          </div>
          <div
            className="MuiGrid-root MuiGrid-item"
          >
            <div
              className="MuiGrid-root Component-root-35 MuiGrid-container MuiGrid-spacing-xs-1"
            >
              <div
                className="MuiGrid-root MuiGrid-item"
              >
                <div
                  className="MuiGrid-root MuiGrid-container MuiGrid-spacing-xs-1"
                >
                  <div
                    className="MuiGrid-root MuiGrid-item"
                  >
                    <div>
                      0.000000000000151
                       
                    </div>
                  </div>
                  <div
                    className="MuiGrid-root MuiGrid-item"
                  >
                    ETH
                  </div>
                  <div
                    className="MuiGrid-root MuiGrid-item"
                  >
                    /
                  </div>
                </div>
              </div>
              <div
                className="MuiGrid-root MuiGrid-item"
              >
                <div
                  className="MuiGrid-root MuiGrid-container MuiGrid-spacing-xs-1"
                >
                  <div
                    className="MuiGrid-root MuiGrid-item"
                  >
                    <div>
                      $0.000000000037191
                       
                    </div>
                  </div>
                  <div
                    className="MuiGrid-root MuiGrid-item"
                  >
                    USD
                  </div>
                </div>
              </div>
            </div>
          </div>
        </div>
        <div
          className="MuiGrid-root TransactionFeeBoxComponent-showAdvancedContainer-18 MuiGrid-item"
          onClick={[Function]}
        >
          <span>
             Advanced 
          </span>
          <i
            className="TransactionFeeBoxComponent-icon-19  TransactionFeeBoxComponent-rightIcon-20"
          >
             
          </i>
        </div>
      </div>
    </div>
    <div
      className="MuiGrid-root TransactionSendBoxComponent-actionButtonsContainer-4 MuiGrid-container MuiGrid-spacing-xs-1 MuiGrid-align-items-xs-center MuiGrid-justify-xs-center"
    >
      <div
        className="MuiGrid-root MuiGrid-item"
      >
        <button
          className="TransactionSendBoxComponent-button-2"
        >
           
          CONFIRM
           
        </button>
      </div>
      <div
        className="MuiGrid-root MuiGrid-item"
      >
        <button
          className="TransactionSendBoxComponent-button-2"
        >
           
          CANCEL
           
        </button>
      </div>
    </div>
  </div>
</div>
`;
