// Jest Snapshot v1, https://goo.gl/fbAQLP

exports[`Transaction Send should show Transaction send screen 1`] = `
<div
  className="Component-transactionBox-0-2-16"
>
  <div
    className="Component-closeDialogIconWrapper-0-2-19"
  >
    <div
      style={
        Object {
          "cursor": "pointer",
          "height": "38px",
          "marginLeft": "779px",
          "marginTop": "-20px",
          "position": "absolute",
          "width": "38px",
        }
      }
    >
      <svg
        aria-hidden="true"
        className="MuiSvgIcon-root Component-root-0-2-21 MuiSvgIcon-fontSizeLarge"
        focusable="false"
        height="38px"
        viewBox="0 0 38 38"
        width="38px"
      >
        <g
          fill="none"
          fillRule="evenodd"
          id="Symbols"
          stroke="none"
          strokeWidth="1"
        >
          <g
            id="Close-button"
            transform="translate(1.000000, 1.000000)"
          >
            <g
              id="icon-close-modal"
            >
              <circle
                cx="18"
                cy="18"
                fill="#262F39"
                id="Oval-2"
                r="18"
              />
              <g
                fill="#23E6FE"
                fillRule="nonzero"
                id="Shape"
                transform="translate(9.000000, 9.000000)"
              >
                <polygon
                  points="1.81534091 0.639204545 0.639204545 1.81534091 7.82386364 9 0.639204545 16.1846591 1.81534091 17.3607955 9 10.1761364 16.1846591 17.3607955 17.3607955 16.1846591 10.1761364 9 17.3607955 1.81534091 16.1846591 0.639204545 9 7.82386364"
                />
              </g>
            </g>
          </g>
        </g>
      </svg>
    </div>
  </div>
  <div
    className="Component-iconWrapper-0-2-17"
  >
    <svg
      aria-hidden="true"
      className="MuiSvgIcon-root Component-root-0-2-22 Component-icon-0-2-18"
      focusable="false"
      viewBox="0 0 44 44"
    >
      <g
        fill="none"
        fillRule="evenodd"
      >
        <rect
          fill="#9418DC"
          height="44"
          rx="9"
          width="44"
        />
        <path
          d="M11.37 20.286l10.027-4.1 9.719 4.205L21.382 5.5 11.37 20.286zm.031 4.55l10.012 5.627 10.212-5.627L21.505 38.5 11.401 24.836zm10.043-6.645l10.15 4.385-10.15 5.508L11 22.456l10.444-4.265z"
          fill="#FFF"
          fillRule="nonzero"
        />
      </g>
    </svg>
  </div>
  <div>
    <input
      className="TransactionSendBoxComponent-input-0-2-5 TransactionSendBoxComponent-addressErrorColor-0-2-12"
      id="sendToAddress"
      onChange={[Function]}
      placeholder="Send to Address"
      type="text"
      value=""
    />
    <span
      className="TransactionSendBoxComponent-addressErrorText-0-2-11"
    >
      Invalid address. Please check and try again.
    </span>
    <div
      className="MuiGrid-root TransactionSendBoxComponent-amountContainer-0-2-7 MuiGrid-container MuiGrid-align-items-xs-center MuiGrid-justify-xs-space-between"
    >
      <div
        className="MuiGrid-root MuiGrid-item"
      >
        <div
          className="MuiGrid-root MuiGrid-container MuiGrid-spacing-xs-4 MuiGrid-align-items-xs-center"
        >
          <div
            className="MuiGrid-root MuiGrid-item"
          >
            <button
              className="TransactionSendBoxComponent-selectAllAmountBtn-0-2-3"
              id="allAmountButton"
              onClick={[Function]}
            >
               ALL 
            </button>
          </div>
          <div
            className="MuiGrid-root MuiGrid-item"
          >
            <input
              className="TransactionSendBoxComponent-input-0-2-5 TransactionSendBoxComponent-amountInput-0-2-10"
              id="amountInput"
              onChange={[Function]}
              placeholder="0.00"
              type="text"
              value=""
            />
          </div>
        </div>
      </div>
      <div
        className="MuiGrid-root MuiGrid-item"
      >
        <select
          className="TransactionSendBoxComponent-cryptoSelect-0-2-14"
          id="customToken"
          name="cryptoCurrency"
          onChange={[Function]}
          value="ETH"
        >
          <option
            className="TransactionSendBoxComponent-selectItem-0-2-15"
            disabled={true}
            value=""
          >
            Custom Token
          </option>
          <option
            className="TransactionSendBoxComponent-selectItem-0-2-15"
            value="KEY"
          >
            Selfkey - 30 KEY
          </option>
          <option
            className="TransactionSendBoxComponent-selectItem-0-2-15"
            value="ETH"
          >
            Ethereum - 0.00548 ETH
          </option>
          <option
            className="TransactionSendBoxComponent-selectItem-0-2-15"
            value="OTHR"
          >
            Other token - 0.00548 OTHR
          </option>
          <option
            className="TransactionSendBoxComponent-selectItem-0-2-15"
            value="OTHR"
          >
            Ethereum - 0.00548 OTHR
          </option>
          <option
            className="TransactionSendBoxComponent-selectItem-0-2-15"
            value="OTHR"
          >
            Ethereum - 0.00548 OTHR
          </option>
        </select>
      </div>
    </div>
    <hr
      className="MuiDivider-root TransactionSendBoxComponent-divider-0-2-13"
    />
    <div
      className="MuiGrid-root TransactionSendBoxComponent-usdAmoutContainer-0-2-9 MuiGrid-container MuiGrid-align-items-xs-center MuiGrid-justify-xs-space-between"
    >
      <span>
        <div>
          $0.00
           
        </div>
      </span>
      <span>
         USD 
      </span>
    </div>
    <div
      className="MuiGrid-root TransactionFeeBoxComponent-container-0-2-23 TransactionSendBoxComponent-container-0-2-1 MuiGrid-container MuiGrid-align-items-xs-center MuiGrid-justify-xs-space-between"
    >
      <div
        className="MuiGrid-root MuiGrid-container MuiGrid-wrap-xs-nowrap"
      >
        <div
          className="MuiGrid-root MuiGrid-container"
        >
          <div
            className="MuiGrid-root MuiGrid-item"
          >
            <span
              className="TransactionFeeBoxComponent-networkTransactionFeeTitle-0-2-24 feeTitle"
            >
               Network Transaction Fee: 
            </span>
          </div>
          <div
            className="MuiGrid-root MuiGrid-item"
          >
            <div
              className="MuiGrid-root Component-root-0-2-42 MuiGrid-container MuiGrid-spacing-xs-8"
            >
              <div
                className="MuiGrid-root MuiGrid-item"
              >
                <div
                  className="MuiGrid-root MuiGrid-container MuiGrid-spacing-xs-8"
                >
                  <div
                    className="MuiGrid-root MuiGrid-item"
                  >
                    <div>
                      0.000000000000151
                       
                    </div>
                  </div>
                  <div
                    className="MuiGrid-root MuiGrid-item"
                  >
                    ETH
                  </div>
                  <div
                    className="MuiGrid-root MuiGrid-item"
                  >
                    /
                  </div>
                </div>
              </div>
              <div
                className="MuiGrid-root MuiGrid-item"
              >
                <div
                  className="MuiGrid-root MuiGrid-container MuiGrid-spacing-xs-8"
                >
                  <div
                    className="MuiGrid-root MuiGrid-item"
                  >
                    <div>
                      $0.000000000037191
                       
                    </div>
                  </div>
                  <div
                    className="MuiGrid-root MuiGrid-item"
                  >
                    USD
                  </div>
                </div>
              </div>
            </div>
          </div>
        </div>
        <div
          className="MuiGrid-root TransactionFeeBoxComponent-showAdvancedContainer-0-2-25 MuiGrid-item"
          onClick={[Function]}
        >
          <span>
             Advanced 
          </span>
          <i
            className="TransactionFeeBoxComponent-icon-0-2-26  TransactionFeeBoxComponent-rightIcon-0-2-27"
          >
             
          </i>
        </div>
      </div>
    </div>
    <div
      className="MuiGrid-root TransactionSendBoxComponent-actionButtonsContainer-0-2-4 MuiGrid-container MuiGrid-spacing-xs-8 MuiGrid-align-items-xs-center MuiGrid-justify-xs-center"
    >
      <div
        className="MuiGrid-root MuiGrid-item"
      >
        <button
          className="TransactionSendBoxComponent-button-0-2-2"
        >
           CONFIRM 
        </button>
      </div>
      <div
        className="MuiGrid-root MuiGrid-item"
      >
        <button
          className="TransactionSendBoxComponent-button-0-2-2"
        >
           CANCEL 
        </button>
      </div>
    </div>
  </div>
</div>
`;
